Type                                                                                                                                                                                                                                                             TotalNumberOfDead
---------------------------------------------------------------------------------------------------------------------------------------------------------------------------------------------------------------------------------------------------------------- -----------------
Douglas DC-3                                                                                                                                                                                                                                                     4793
Antonov AN-26                                                                                                                                                                                                                                                    1081
Douglas DC-6B                                                                                                                                                                                                                                                    1055
Douglas C-47                                                                                                                                                                                                                                                     1046
McDonnell Douglas DC-9-32                                                                                                                                                                                                                                        951
Douglas DC-4                                                                                                                                                                                                                                                     930
Tupolev TU-154M                                                                                                                                                                                                                                                  917
Ilyushin IL-18B                                                                                                                                                                                                                                                  852
Yakovlev YAK-40                                                                                                                                                                                                                                                  839
Tupolev TU-134A                                                                                                                                                                                                                                                  809
McDonnell Douglas DC-10-10                                                                                                                                                                                                                                       804
de Havilland Canada DHC-6 Twin Otter 300                                                                                                                                                                                                                         796
Lockheed C-130H                                                                                                                                                                                                                                                  786
Antonov AN-24                                                                                                                                                                                                                                                    703
McDonnell Douglas MD-82                                                                                                                                                                                                                                          695
Tupolev TU-154B                                                                                                                                                                                                                                                  691
Ilyushin IL-18D                                                                                                                                                                                                                                                  668
Antonov AN-12                                                                                                                                                                                                                                                    627
Douglas C-47A                                                                                                                                                                                                                                                    609
Boeing B-747-121 / Boeing B-747-206B                                                                                                                                                                                                                             583
Tupolev TU-104B                                                                                                                                                                                                                                                  566
Ilyushin IL-62                                                                                                                                                                                                                                                   543
Boeing B-747-237B                                                                                                                                                                                                                                                542
Tupolev TU-104A                                                                                                                                                                                                                                                  538
Ilyushin IL-18                                                                                                                                                                                                                                                   529
McDonnell Douglas DC-10-30                                                                                                                                                                                                                                       523
Boeing B-747-SR46                                                                                                                                                                                                                                                520
Warning: Null value is eliminated by an aggregate or other SET operation.

(27 rows affected)


Completion time: 2024-03-28T18:28:59.3469691+08:00
