Operator                                                                                                                                                                                                                                                         NumberOfCrashes
---------------------------------------------------------------------------------------------------------------------------------------------------------------------------------------------------------------------------------------------------------------- ---------------
Aeroflot                                                                                                                                                                                                                                                         179
Military - U.S. Air Force                                                                                                                                                                                                                                        176
Air France                                                                                                                                                                                                                                                       70
Deutsche Lufthansa                                                                                                                                                                                                                                               65
Air Taxi                                                                                                                                                                                                                                                         48
China National Aviation Corporation                                                                                                                                                                                                                              44
United Air Lines                                                                                                                                                                                                                                                 44
Military - U.S. Army Air Forces                                                                                                                                                                                                                                  43
Pan American World Airways                                                                                                                                                                                                                                       41
Military - U.S. Navy                                                                                                                                                                                                                                             36
US Aerial Mail Service                                                                                                                                                                                                                                           36
Military - Royal Air Force                                                                                                                                                                                                                                       36
American Airlines                                                                                                                                                                                                                                                36
Indian Airlines                                                                                                                                                                                                                                                  34
KLM Royal Dutch Airlines                                                                                                                                                                                                                                         33
Philippine Air Lines                                                                                                                                                                                                                                             33
Private                                                                                                                                                                                                                                                          31

(17 rows affected)


Completion time: 2024-03-28T18:29:50.5380449+08:00
