Type                                                                                                                                                                                                                                                             NumberOfCrashes
---------------------------------------------------------------------------------------------------------------------------------------------------------------------------------------------------------------------------------------------------------------- ---------------
Douglas DC-3                                                                                                                                                                                                                                                     334
de Havilland Canada DHC-6 Twin Otter 300                                                                                                                                                                                                                         81
Douglas C-47A                                                                                                                                                                                                                                                    74
Douglas C-47                                                                                                                                                                                                                                                     62
Douglas DC-4                                                                                                                                                                                                                                                     40
Yakovlev YAK-40                                                                                                                                                                                                                                                  38
Antonov AN-26                                                                                                                                                                                                                                                    38
Junkers JU-52/3m                                                                                                                                                                                                                                                 37
Douglas C-47B                                                                                                                                                                                                                                                    29
De Havilland DH-4                                                                                                                                                                                                                                                28
Douglas DC-6B                                                                                                                                                                                                                                                    27
Antonov AN-12                                                                                                                                                                                                                                                    24
Breguet 14                                                                                                                                                                                                                                                       23
Curtiss C-46A                                                                                                                                                                                                                                                    21
Antonov AN-24                                                                                                                                                                                                                                                    21
Douglas C-47-DL                                                                                                                                                                                                                                                  20
Douglas DC-6                                                                                                                                                                                                                                                     20

(17 rows affected)


Completion time: 2024-03-28T18:28:23.7266695+08:00
