Operator                                                                                                                                                                                                                                                         TotalNumberOfDead
---------------------------------------------------------------------------------------------------------------------------------------------------------------------------------------------------------------------------------------------------------------- -----------------
Aeroflot                                                                                                                                                                                                                                                         7156
Military - U.S. Air Force                                                                                                                                                                                                                                        3717
Air France                                                                                                                                                                                                                                                       1734
American Airlines                                                                                                                                                                                                                                                1421
Pan American World Airways                                                                                                                                                                                                                                       1302
Military - U.S. Army Air Forces                                                                                                                                                                                                                                  1070
United Air Lines                                                                                                                                                                                                                                                 1021
AVIANCA                                                                                                                                                                                                                                                          945
Turkish Airlines (THY)                                                                                                                                                                                                                                           891
Indian Airlines                                                                                                                                                                                                                                                  863
China Airlines (Taiwan)                                                                                                                                                                                                                                          847
Air India                                                                                                                                                                                                                                                        827
Military - Russian Air Force                                                                                                                                                                                                                                     797
Trans World Airlines                                                                                                                                                                                                                                             784
Military - U.S. Navy                                                                                                                                                                                                                                             767
Japan Air Lines                                                                                                                                                                                                                                                  764
Korean Airlines                                                                                                                                                                                                                                                  713
Eastern Air Lines                                                                                                                                                                                                                                                710
Pakistan International Airlines                                                                                                                                                                                                                                  693
KLM Royal Dutch Airlines                                                                                                                                                                                                                                         616
Pan American World Airways / KLM                                                                                                                                                                                                                                 583
Military - Afghan Republican Air Force                                                                                                                                                                                                                           578
Garuda Indonesia Airlines                                                                                                                                                                                                                                        574
Northwest Orient Airlines                                                                                                                                                                                                                                        531
Military - Royal Air Force                                                                                                                                                                                                                                       525
Military -Royal Air Force                                                                                                                                                                                                                                        524
Ceskoslovenske Aerolinie                                                                                                                                                                                                                                         516
British European Airways                                                                                                                                                                                                                                         512
British Overseas Airways                                                                                                                                                                                                                                         506
Warning: Null value is eliminated by an aggregate or other SET operation.

(29 rows affected)


Completion time: 2024-03-28T18:29:33.8432948+08:00
