Type                                                                                                                                                                                                                                                             NumberOfCrashes
---------------------------------------------------------------------------------------------------------------------------------------------------------------------------------------------------------------------------------------------------------------- ---------------
Douglas DC-3                                                                                                                                                                                                                                                     333
de Havilland Canada DHC-6 Twin Otter 300                                                                                                                                                                                                                         77
Douglas C-47A                                                                                                                                                                                                                                                    62
Douglas DC-4                                                                                                                                                                                                                                                     39
Junkers JU-52/3m                                                                                                                                                                                                                                                 37
Yakovlev YAK-40                                                                                                                                                                                                                                                  37
Douglas C-47                                                                                                                                                                                                                                                     34
De Havilland DH-4                                                                                                                                                                                                                                                28
Douglas DC-6B                                                                                                                                                                                                                                                    26
Antonov AN-26                                                                                                                                                                                                                                                    23
Breguet 14                                                                                                                                                                                                                                                       23

(11 rows affected)


Completion time: 2024-03-29T19:26:36.0813771+08:00
