country                                                                                                                                                                                                                                                          NumberOfCrashes
---------------------------------------------------------------------------------------------------------------------------------------------------------------------------------------------------------------------------------------------------------------- ---------------
us air force                                                                                                                                                                                                                                                     177
us army air forces                                                                                                                                                                                                                                               43
us navy                                                                                                                                                                                                                                                          36
royal air force                                                                                                                                                                                                                                                  36
us army                                                                                                                                                                                                                                                          24
military -royal air force                                                                                                                                                                                                                                        22
indian air force                                                                                                                                                                                                                                                 16
german navy                                                                                                                                                                                                                                                      15
afghan republican air force                                                                                                                                                                                                                                      15
russian air force                                                                                                                                                                                                                                                14
us marine corps                                                                                                                                                                                                                                                  13
royal australian air force                                                                                                                                                                                                                                       11
brazilian air force                                                                                                                                                                                                                                              10
french air force                                                                                                                                                                                                                                                 9
soviet air force                                                                                                                                                                                                                                                 9
sri lanka air force                                                                                                                                                                                                                                              7
philippine air force                                                                                                                                                                                                                                             7
angolan air force                                                                                                                                                                                                                                                7
argentine air force                                                                                                                                                                                                                                              6
japan maritime self defense force                                                                                                                                                                                                                                6
pakistan air force                                                                                                                                                                                                                                               6
royal canadian air force                                                                                                                                                                                                                                         6
royal thai air force                                                                                                                                                                                                                                             5
nicaraguan air force                                                                                                                                                                                                                                             5
indonesian air force                                                                                                                                                                                                                                             5
iranian air force                                                                                                                                                                                                                                                5
chinese air force                                                                                                                                                                                                                                                5
vietnamese air force                                                                                                                                                                                                                                             5
egyptian air force                                                                                                                                                                                                                                               4
mexican air force                                                                                                                                                                                                                                                4
republiof china air force                                                                                                                                                                                                                                        4
us air force / us air force                                                                                                                                                                                                                                      4
sudan air force                                                                                                                                                                                                                                                  3
turkish air force                                                                                                                                                                                                                                                3
spanish air force                                                                                                                                                                                                                                                3
south african air force                                                                                                                                                                                                                                          3
republiof south korea air force                                                                                                                                                                                                                                  3
peruvian air force                                                                                                                                                                                                                                               3
polish air force                                                                                                                                                                                                                                                 3
ethiopian air force                                                                                                                                                                                                                                              3
french naval aviation                                                                                                                                                                                                                                            3
chilean air force                                                                                                                                                                                                                                                3
belgian air force                                                                                                                                                                                                                                                3
german army                                                                                                                                                                                                                                                      3
imperial iranian air force                                                                                                                                                                                                                                       3
islamirepubliof iran air force                                                                                                                                                                                                                                   3
italian air force                                                                                                                                                                                                                                                3
zairean air force                                                                                                                                                                                                                                                3
zambian air force                                                                                                                                                                                                                                                2
us marine corps/us marine corps                                                                                                                                                                                                                                  2
mauritanian air force                                                                                                                                                                                                                                            2
nigerian air force                                                                                                                                                                                                                                               2
mozambique air force                                                                                                                                                                                                                                             2
honduran air force                                                                                                                                                                                                                                               2
iranian revolutionary guard corps air force                                                                                                                                                                                                                      2
bolivian air force                                                                                                                                                                                                                                               2
chilian air force                                                                                                                                                                                                                                                2
azerbaijan air force                                                                                                                                                                                                                                             2
georgian air force                                                                                                                                                                                                                                               2
colombian air force                                                                                                                                                                                                                                              2
colombian army                                                                                                                                                                                                                                                   2
congolese air force                                                                                                                                                                                                                                              2
ecuadorean air force                                                                                                                                                                                                                                             2
ecuadorian air force                                                                                                                                                                                                                                             2
portuguese air force                                                                                                                                                                                                                                             2
royal belgian air force                                                                                                                                                                                                                                          2
royal british navy                                                                                                                                                                                                                                               2
royal indian air force                                                                                                                                                                                                                                           2
royal jordanian air force                                                                                                                                                                                                                                        2
royal nepalese air force                                                                                                                                                                                                                                         2
royal saudi air force                                                                                                                                                                                                                                            2
union of burma air force                                                                                                                                                                                                                                         2
united states army air force                                                                                                                                                                                                                                     2
united states navy                                                                                                                                                                                                                                               2
us army / us army                                                                                                                                                                                                                                                2
us army air corps                                                                                                                                                                                                                                                2
us navy / us navy                                                                                                                                                                                                                                                2
venezuelan air force                                                                                                                                                                                                                                             2
venezuelan army                                                                                                                                                                                                                                                  2
venezuelan navy                                                                                                                                                                                                                                                  2

(80 rows affected)


Completion time: 2024-03-29T19:59:22.5839852+08:00
